[2024-07-10T15:25:08.438+0000] test "string" test

test [2024-07-10T15:25:08.438+0000] test
